[wakeapp.com/index.html]
[wakeapp.com/favicon.ico]
[wakeapp.com/wp-content/themes/WAKEAPP/assets/img/favicon/apple-touch-icon.png]
[wakeapp.com/wp-content/themes/WAKEAPP/manifest.webmanifest]
[wakeapp.com/wp-content/themes/WAKEAPP/assets/fonts/DelaGothicOne-Regular.woff]
[wakeapp.com/wp-content/themes/WAKEAPP/assets/fonts/DelaGothicOne-Regular.woff2]
[backblue.gif]
[fade.gif]
[index.html]
[wakeapp.com/feed/index.html]
[wakeapp.com/wp-json/oembed/1.0/embed2086.json]
[wakeapp.com/comments/feed/index.html]
[wakeapp.com/wp-json/oembed/1.0/embedcb9d]
[wakeapp.com/wp-content/plugins/contact-form-7/includes/css/stylesa950.css]
[wakeapp.com/wp-content/themes/WAKEAPP/style4bf4.css]
[wakeapp.com/wp-content/themes/WAKEAPP/assets/css/vendor4bf4.css]
[wakeapp.com/wp-content/themes/WAKEAPP/assets/css/main4bf4.css]
[wakeapp.com/wp-content/themes/WAKEAPP/assets/css/styles/home-page/index.min4bf4.css]
[wakeapp.com/wp-content/themes/WAKEAPP/assets/css/custom4bf4.css]
[wakeapp.com/wp-includes/js/jquery/jquery.minf43b.js]
[wakeapp.com/wp-includes/js/jquery/jquery-migrate.min5589.js]
[wakeapp.com/wp-json/wp/v2/pages/7.json]
[wakeapp.com/xmlrpc0db0.php]
[wakeapp.com/wp-json/index.html]
[wakeapp.com/wp-content/themes/WAKEAPP/assets/img/logo.svg]
[wakeapp.com/wp-content/themes/WAKEAPP/assets/img/awards/awards-img1.png]
[wakeapp.com/careers/index.html]
[wakeapp.com/cases/index.html]
[wakeapp.com/services/index.html]
[wakeapp.com/wp-content/themes/WAKEAPP/assets/img/awards/awards-img2.png]
[wakeapp.com/wp-content/themes/WAKEAPP/assets/img/awards/awards-img3.png]
[wakeapp.com/wp-content/themes/WAKEAPP/assets/img/awards/awards-img4.png]
[wakeapp.com/wp-content/themes/WAKEAPP/assets/img/awards/awards-img5.png]
[wakeapp.com/contacts/index.html]
[wakeapp.com/wp-content/themes/WAKEAPP/assets/img/awards/awards-img6.png]
[wakeapp.com/wp-content/themes/WAKEAPP/assets/img/awards/awards-img7.png]
[wakeapp.com/wp-content/themes/WAKEAPP/assets/img/awards/awards-img8.png]
[wakeapp.com/wp-content/themes/WAKEAPP/assets/img/awards/awards-img9.png]
[wakeapp.com/wp-content/themes/WAKEAPP/assets/img/awards/awards-img10.png]
[wakeapp.com/wp-content/themes/WAKEAPP/assets/img/awards/awards-img11.png]
[wakeapp.com/wp-content/themes/WAKEAPP/assets/img/awards/awards-img12.png]
[wakeapp.com/wp-content/themes/WAKEAPP/assets/img/awards/awards-img13.png]
[wakeapp.com/wp-content/themes/WAKEAPP/assets/img/awards/awards-img14.png]
[wakeapp.com/wp-content/themes/WAKEAPP/assets/img/awards/awards-img15.png]
[wakeapp.com/wp-content/themes/WAKEAPP/assets/img/awards/awards-img16.png]
[wakeapp.com/wp-content/themes/WAKEAPP/assets/img/awards/awards-img17.png]
[wakeapp.com/wp-content/themes/WAKEAPP/assets/img/awards/awards-img18.png]
[wakeapp.com/wp-content/themes/WAKEAPP/assets/img/awards/awards-img19.png]
[wakeapp.com/wp-content/themes/WAKEAPP/assets/img/awards/awards-img20.png]
[wakeapp.com/wp-content/themes/WAKEAPP/assets/img/awards/awards-img21.png]
[wakeapp.com/wp-content/uploads/2024/05/19.png]
[wakeapp.com/wp-content/uploads/2024/05/905.png]
[wakeapp.com/wp-content/uploads/2024/05/Group-483139.png]
[wakeapp.com/wp-content/uploads/2024/05/Vector.png]
[wakeapp.com/wp-content/uploads/2024/05/15.png]
[wakeapp.com/wp-content/uploads/2024/05/logo-2.png]
[wakeapp.com/wp-content/uploads/2024/05/18.png]
[wakeapp.com/wp-content/uploads/2024/05/901.png]
[wakeapp.com/wp-content/uploads/2024/05/16.png]
[wakeapp.com/wp-content/uploads/2024/05/22bet-1.png]
[wakeapp.com/wp-content/uploads/2024/05/906.png]
[wakeapp.com/wp-content/uploads/2024/05/903.png]
[wakeapp.com/wp-content/uploads/2024/05/10.png]
[wakeapp.com/wp-content/uploads/2024/05/20.png]
[wakeapp.com/wp-content/uploads/2024/05/61117013ddcf7a1fd3a321f6_609a50d83bd78229e7fcbd07_s2b-logo-w-1-1.png]
[wakeapp.com/wp-content/uploads/2024/05/Facebook_Logo_2019-2.png]
[wakeapp.com/wp-content/uploads/2024/05/X_logo_2023-1.png]
[wakeapp.com/wp-content/uploads/2024/05/Tiktok_logo_text-3.png]
[wakeapp.com/wp-content/uploads/2024/05/Group-482899.png]
[wakeapp.com/wp-content/uploads/2024/05/YouTube_Logo_2017-1.png]
[wakeapp.com/wp-content/uploads/2024/05/Google_2015_logo-1.png]
[wakeapp.com/wp-content/uploads/2024/05/Group.svg]
[wakeapp.com/wp-content/uploads/2024/02/Group-483142-2.svg]
[wakeapp.com/wp-content/uploads/2024/05/Group-483134.svg]
[wakeapp.com/wp-content/themes/WAKEAPP/assets/img/socials/insta.svg]
[wakeapp.com/wp-content/themes/WAKEAPP/assets/img/socials/linkedin.svg]
[wakeapp.com/wp-content/themes/WAKEAPP/assets/img/socials/facebook.svg]
[wakeapp.com/wp-content/themes/WAKEAPP/assets/img/logo2.svg]
[wakeapp.com/wp-content/uploads/2025/04/WakeApp_Privacy_Policy_April_2025.pdf]
[wakeapp.com/wp-content/uploads/2025/04/Terms-of-Use_WakeApp_April_2025.pdf]
[wakeapp.com/wp-content/plugins/contact-form-7/includes/swv/js/indexa950.js]
[wakeapp.com/wp-content/plugins/contact-form-7/includes/js/indexa950.js]
[wakeapp.com/wp-content/themes/WAKEAPP/js/navigation4bf4.js]
[wakeapp.com/wp-content/themes/WAKEAPP/assets/js/custom4bf4.js]
[wakeapp.com/index.html]
[wakeapp.com/wp-content/plugins/contact-form-7/includes/css/stylesa950.css]
[wakeapp.com/wp-content/themes/WAKEAPP/style4bf4.css]
[wakeapp.com/wp-content/themes/WAKEAPP/assets/css/vendor4bf4.css]
[wakeapp.com/wp-content/themes/WAKEAPP/assets/js/main4bf4.js]
[wakeapp.com/wp-content/themes/WAKEAPP/assets/fonts/MullerLight.woff]
[wakeapp.com/wp-content/themes/WAKEAPP/assets/fonts/MullerLight.woff2]
[wakeapp.com/wp-content/themes/WAKEAPP/assets/fonts/MullerRegular.woff]
[wakeapp.com/wp-content/themes/WAKEAPP/assets/fonts/MullerRegular.woff2]
[wakeapp.com/wp-content/themes/WAKEAPP/assets/fonts/MullerMedium.woff]
[wakeapp.com/wp-content/themes/WAKEAPP/assets/fonts/MullerMedium.woff2]
[wakeapp.com/wp-content/themes/WAKEAPP/assets/fonts/MullerBold.woff]
[wakeapp.com/wp-content/themes/WAKEAPP/assets/fonts/MullerBold.woff2]
[wakeapp.com/wp-content/themes/WAKEAPP/assets/fonts/MullerExtraBold.woff]
[wakeapp.com/wp-content/themes/WAKEAPP/assets/fonts/MullerExtraBold.woff2]
[wakeapp.com/wp-content/themes/WAKEAPP/assets/css/main4bf4.css]
[wakeapp.com/wp-content/themes/WAKEAPP/assets/img/hero-section/cosmo-man.png]
[wakeapp.com/wp-content/themes/WAKEAPP/assets/img/hero-section/bg-stars.jpg]
[wakeapp.com/wp-content/themes/WAKEAPP/assets/img/hero-section/cosmo-man-pages.png]
[wakeapp.com/wp-content/themes/WAKEAPP/assets/img/hero-section/cosmo-man-desktop.png]
[wakeapp.com/wp-content/themes/WAKEAPP/assets/img/choose-us/bg-star.jpg]
[wakeapp.com/wp-content/themes/WAKEAPP/assets/img/choose-us/logo.png]
[wakeapp.com/wp-content/themes/WAKEAPP/assets/img/choose-us/cosmo-man2.png]
[wakeapp.com/wp-content/themes/WAKEAPP/assets/img/choose-us/moon.png]
[wakeapp.com/wp-content/themes/WAKEAPP/assets/img/about-us/quote.png]
[wakeapp.com/wp-content/themes/WAKEAPP/assets/img/have-questions/bg-stars.png]
[wakeapp.com/wp-content/themes/WAKEAPP/assets/img/choose-us/LA LUNA.png]
[wakeapp.com/wp-content/themes/WAKEAPP/assets/css/styles/home-page/index.min4bf4.css]
[wakeapp.com/wp-content/themes/WAKEAPP/assets/css/custom4bf4.css]
[wakeapp.com/wp-content/themes/WAKEAPP/assets/img/logo.svg]
[wakeapp.com/services/favicon.ico]
[wakeapp.com/wp-content/themes/WAKEAPP/assets/img/have-questions/bg-phone.png]
[wakeapp.com/wp-json/oembed/1.0/embed4de5.json]
[wakeapp.com/wp-json/oembed/1.0/embeda3a0]
[wakeapp.com/wp-content/themes/WAKEAPP/assets/css/styles/services-page/index.min4bf4.css]
[wakeapp.com/wp-json/wp/v2/pages/14.json]
[wakeapp.com/wp-content/uploads/2024/05/logo11.png]
[wakeapp.com/wp-content/uploads/2024/05/logo12.png]
[wakeapp.com/wp-content/uploads/2024/05/logo13.png]
[wakeapp.com/wp-content/uploads/2024/05/logo14.png]
[wakeapp.com/wp-content/uploads/2024/05/logo15.png]
[wakeapp.com/wp-content/uploads/2024/05/logo16.png]
[wakeapp.com/wp-content/uploads/2024/05/logo17.png]
[wakeapp.com/wp-content/uploads/2024/05/logo18.png]
[wakeapp.com/wp-content/uploads/2024/05/logo19.png]
[wakeapp.com/wp-content/uploads/2024/05/logo20.png]
[wakeapp.com/wp-content/uploads/2024/05/logo21.png]
[wakeapp.com/wp-content/uploads/2024/05/logo22.png]
[wakeapp.com/wp-content/uploads/2024/05/logo23.png]
[wakeapp.com/wp-content/uploads/2024/05/logo24.png]
[wakeapp.com/wp-content/uploads/2024/05/logo25.png]
[wakeapp.com/wp-content/uploads/2024/05/logo1.png]
[wakeapp.com/wp-content/uploads/2024/05/logo2.png]
[wakeapp.com/wp-content/uploads/2024/05/logo3.png]
[wakeapp.com/wp-content/uploads/2024/05/logo4.png]
[wakeapp.com/wp-content/uploads/2024/05/logo5.png]
[wakeapp.com/wp-content/uploads/2024/05/logo6.png]
[wakeapp.com/wp-content/uploads/2024/05/logo7.png]
[wakeapp.com/wp-content/uploads/2024/05/logo8.png]
[wakeapp.com/wp-content/uploads/2024/05/logo9.png]
[wakeapp.com/services/index.html]
[wakeapp.com/wp-content/uploads/2024/05/logo10.png]
[wakeapp.com/cases/favicon.ico]
[wakeapp.com/wp-json/oembed/1.0/embed8756.json]
[wakeapp.com/wp-json/oembed/1.0/embedf15f]
[wakeapp.com/wp-content/themes/WAKEAPP/assets/css/styles/cases-page/index.min4bf4.css]
[wakeapp.com/wp-json/wp/v2/pages/20.json]
[wakeapp.com/wp-content/uploads/2024/03/492x0w-1.png]
[wakeapp.com/wp-content/uploads/2024/03/492x0w-2.png]
[wakeapp.com/wp-content/uploads/2024/03/492x0w-2-1.png]
[wakeapp.com/wp-content/uploads/2024/03/492x0w-2-2.png]
[wakeapp.com/wp-content/uploads/2024/03/492x0w-2-3.png]
[wakeapp.com/wp-content/uploads/2024/03/492x0w-2-4.png]
[wakeapp.com/wp-content/uploads/2024/01/Group-483076-1.png]
[wakeapp.com/wp-content/uploads/2024/01/unnamed-1.png]
[wakeapp.com/wp-content/uploads/2024/01/Group-483076-2.png]
[wakeapp.com/wp-content/uploads/2024/01/unnamed-1-1.png]
[wakeapp.com/wp-content/uploads/2024/01/unnamed-1-2.png]
[wakeapp.com/wp-content/uploads/2024/01/Group-483076-3.png]
[wakeapp.com/wp-content/uploads/2024/01/Group-483076-4.png]
[wakeapp.com/wp-content/uploads/2024/01/unnamed-1-3.png]
[wakeapp.com/wp-content/uploads/2024/01/Group-483076-5.png]
[wakeapp.com/wp-content/uploads/2024/01/unnamed-1-4.png]
[wakeapp.com/wp-content/uploads/2024/01/Group-483076-6.png]
[wakeapp.com/cases/index.html]
[wakeapp.com/wp-content/uploads/2024/01/unnamed-1-5.png]
[wakeapp.com/careers/favicon.ico]
[wakeapp.com/wp-json/oembed/1.0/embed76a4.json]
[wakeapp.com/wp-json/oembed/1.0/embed1589]
[wakeapp.com/wp-content/themes/WAKEAPP/assets/css/styles/careers-page/index.min4bf4.css]
[wakeapp.com/wp-json/wp/v2/pages/16.json]
[wakeapp.com/wp-content/themes/WAKEAPP/assets/img/our-company/img-new-1.jpg]
[wakeapp.com/wp-content/themes/WAKEAPP/assets/img/our-company/img1.jpg]
[wakeapp.com/wp-content/themes/WAKEAPP/assets/img/our-company/img2.jpg]
[wakeapp.com/wp-content/themes/WAKEAPP/assets/img/our-company/img-new-2.jpg]
[wakeapp.com/wp-content/themes/WAKEAPP/assets/img/our-company/img3.png]
[wakeapp.com/wp-content/themes/WAKEAPP/assets/img/our-company/img4.jpg]
[wakeapp.com/wp-content/themes/WAKEAPP/assets/img/our-company/img5.jpg]
[wakeapp.com/wp-content/themes/WAKEAPP/assets/js/careers/main4bf4.js]
[wakeapp.com/careers/index.html]
[wakeapp.com/wp-content/themes/WAKEAPP/assets/js/send-file4bf4.js]
[wakeapp.com/contacts/favicon.ico]
[wakeapp.com/wp-json/oembed/1.0/embed31a2.json]
[wakeapp.com/wp-json/oembed/1.0/embede11c]
[wakeapp.com/wp-content/themes/WAKEAPP/assets/css/styles/contact-page/index.min4bf4.css]
[wakeapp.com/contacts/index.html]
[wakeapp.com/wp-content/uploads/2024/05/Group.svg]
[wakeapp.com/wp-content/uploads/2024/02/Group-483142-2.svg]
[wakeapp.com/wp-content/uploads/2024/05/Group-483134.svg]
[wakeapp.com/wp-content/themes/WAKEAPP/assets/img/socials/insta.svg]
[wakeapp.com/wp-content/themes/WAKEAPP/assets/img/socials/linkedin.svg]
[wakeapp.com/wp-content/themes/WAKEAPP/assets/img/socials/facebook.svg]
[wakeapp.com/wp-content/themes/WAKEAPP/assets/img/logo2.svg]
[wakeapp.com/services/favicon.html]
[wakeapp.com/wp-content/themes/WAKEAPP/assets/css/styles/services-page/index.min4bf4.css]
[wakeapp.com/index0b69.html]
[wakeapp.com/cases/favicon.html]
[wakeapp.com/wp-json/wp/v2/pages/18.json]
[wakeapp.com/wp-content/themes/WAKEAPP/assets/img/cases/bg.png]
[wakeapp.com/wp-content/themes/WAKEAPP/assets/img/cases/bg-phone.png]
[wakeapp.com/wp-content/themes/WAKEAPP/assets/img/cases/bg-info.png]
[wakeapp.com/wp-content/themes/WAKEAPP/assets/css/styles/cases-page/index.min4bf4.css]
[wakeapp.com/index341b.html]
[wakeapp.com/careers/favicon.html]
[wakeapp.com/wp-content/themes/WAKEAPP/assets/img/cases/icon-arrow.svg]
[wakeapp.com/wp-content/themes/WAKEAPP/assets/img/cv-form/bg.png]
[wakeapp.com/wp-content/themes/WAKEAPP/assets/img/cv-form/obj1.png]
[wakeapp.com/wp-content/themes/WAKEAPP/assets/img/five-steps/bg1.jpg]
[wakeapp.com/wp-content/themes/WAKEAPP/assets/img/five-steps/bg2.jpg]
[wakeapp.com/wp-content/themes/WAKEAPP/assets/img/five-steps/meteor1.png]
[wakeapp.com/wp-content/themes/WAKEAPP/assets/img/five-steps/meteor2.png]
[wakeapp.com/wp-content/themes/WAKEAPP/assets/img/five-steps/station.png]
[wakeapp.com/wp-content/themes/WAKEAPP/assets/img/five-steps/obj1.png]
[wakeapp.com/wp-content/themes/WAKEAPP/assets/img/five-steps/asteroid.png]
[wakeapp.com/wp-content/themes/WAKEAPP/assets/css/styles/careers-page/index.min4bf4.css]
[wakeapp.com/index0e62.html]
[wakeapp.com/wp-content/themes/WAKEAPP/assets/img/our-company/img-new-1.html]
[wakeapp.com/wp-content/themes/WAKEAPP/assets/img/our-company/img-new-2.html]
[wakeapp.com/contacts/favicon.html]
[wakeapp.com/wp-content/themes/WAKEAPP/assets/css/styles/contact-page/index.min4bf4.css]
[wakeapp.com/index0735.html]
[wakeapp.com/wp-content/themes/WAKEAPP/assets/img/cases/icon-arrow.svg]
[wakeapp.com/wp-content/themes/WAKEAPP/assets/img/five-steps/mars.png]
